#-----------------------------------------------------------
# Webtalk v2018.2 (64-bit)
# SW Build 2258646 on Thu Jun 14 20:02:38 MDT 2018
# IP Build 2256618 on Thu Jun 14 22:10:49 MDT 2018
# Start of session at: Tue Feb  7 16:16:04 2023
# Process ID: 205132
# Current directory: /homes/s21comte/CHLS/TP_sysc_filter/Filtre_NexysVideo_STUDENT/proj/AudioProc.sim/sim_1/behav/xsim
# Command line: wbtcv -mode batch -source /homes/s21comte/CHLS/TP_sysc_filter/Filtre_NexysVideo_STUDENT/proj/AudioProc.sim/sim_1/behav/xsim/xsim.dir/tb_firUnit_behav/webtalk/xsim_webtalk.tcl -notrace
# Log file: /homes/s21comte/CHLS/TP_sysc_filter/Filtre_NexysVideo_STUDENT/proj/AudioProc.sim/sim_1/behav/xsim/webtalk.log
# Journal file: /homes/s21comte/CHLS/TP_sysc_filter/Filtre_NexysVideo_STUDENT/proj/AudioProc.sim/sim_1/behav/xsim/webtalk.jou
#-----------------------------------------------------------
source /homes/s21comte/CHLS/TP_sysc_filter/Filtre_NexysVideo_STUDENT/proj/AudioProc.sim/sim_1/behav/xsim/xsim.dir/tb_firUnit_behav/webtalk/xsim_webtalk.tcl -notrace
